com/example/cooperativevoting/mobileui/model/MobileScreenModels$FormScreen.class
com/example/cooperativevoting/shared/config/AppProperties.class
com/example/cooperativevoting/mobileui/api/MobileApiModels.class
com/example/cooperativevoting/eligibility/application/EligibilityResult.class
com/example/cooperativevoting/mobileui/api/MobileApiModels$IdentifyRequest.class
com/example/cooperativevoting/shared/config/ApplicationConfig.class
com/example/cooperativevoting/agenda/api/AgendaApiModels$AgendaResponse.class
com/example/cooperativevoting/votingsession/application/SessionAlreadyExistsException.class
com/example/cooperativevoting/agenda/api/AgendaController.class
com/example/cooperativevoting/votingsession/application/SessionNotOpenException.class
com/example/cooperativevoting/votingsession/domain/SessionStatus.class
com/example/cooperativevoting/agenda/api/AgendaApiModels.class
com/example/cooperativevoting/vote/api/VoteController.class
com/example/cooperativevoting/eligibility/application/EligibilityServiceUnavailableException.class
com/example/cooperativevoting/eligibility/infrastructure/EligibilityProperties.class
com/example/cooperativevoting/vote/domain/Vote.class
com/example/cooperativevoting/vote/api/VoteApiModels.class
com/example/cooperativevoting/vote/api/VoteApiModels$RegisterVoteRequest.class
com/example/cooperativevoting/vote/application/VotingResult.class
com/example/cooperativevoting/vote/application/VoteService.class
com/example/cooperativevoting/agenda/api/AgendaApiModels$CreateAgendaRequest.class
com/example/cooperativevoting/votingsession/api/VotingSessionController.class
com/example/cooperativevoting/eligibility/application/VoterEligibilityService.class
com/example/cooperativevoting/mobileui/model/MobileScreenModels$SelectionScreen.class
com/example/cooperativevoting/vote/domain/VoteChoice.class
com/example/cooperativevoting/eligibility/infrastructure/HttpVoterEligibilityGateway$EligibilityResponse.class
com/example/cooperativevoting/mobileui/api/MobileController.class
com/example/cooperativevoting/eligibility/application/VoterNotEligibleException.class
com/example/cooperativevoting/agenda/application/AgendaService.class
com/example/cooperativevoting/votingsession/api/VotingSessionApiModels$VotingSessionResponse.class
com/example/cooperativevoting/shared/error/ApiExceptionHandler.class
com/example/cooperativevoting/agenda/domain/Agenda.class
com/example/cooperativevoting/mobileui/model/MobileScreenModels$FormItem.class
com/example/cooperativevoting/mobileui/model/MobileScreenModels$SelectionItem.class
com/example/cooperativevoting/vote/application/VoteOutcome.class
com/example/cooperativevoting/shared/api/ApiRoutes.class
com/example/cooperativevoting/shared/config/OpenApiConfig.class
com/example/cooperativevoting/mobileui/application/MobileScreenService.class
com/example/cooperativevoting/vote/infrastructure/VoteRepository.class
com/example/cooperativevoting/eligibility/infrastructure/HttpVoterEligibilityGateway.class
com/example/cooperativevoting/vote/api/ResultController.class
com/example/cooperativevoting/mobileui/model/MobileScreenModels$Action.class
com/example/cooperativevoting/mobileui/api/MobileApiModels$VoteOptionsRequest.class
com/example/cooperativevoting/votingsession/domain/VotingSession.class
com/example/cooperativevoting/vote/application/DuplicateVoteException.class
com/example/cooperativevoting/votingsession/application/SessionNotFoundException.class
com/example/cooperativevoting/votingsession/infrastructure/VotingSessionRepository.class
com/example/cooperativevoting/eligibility/application/InvalidCpfException.class
com/example/cooperativevoting/shared/api/ApiRoutes$Mobile.class
com/example/cooperativevoting/agenda/application/AgendaNotFoundException.class
com/example/cooperativevoting/eligibility/infrastructure/DisabledVoterEligibilityGateway.class
com/example/cooperativevoting/shared/observability/CorrelationIdFilter.class
com/example/cooperativevoting/vote/infrastructure/VoteRepository$ChoiceCount.class
com/example/cooperativevoting/votingsession/application/VotingSessionService.class
com/example/cooperativevoting/CooperativeVotingApplication.class
com/example/cooperativevoting/agenda/infrastructure/AgendaRepository.class
com/example/cooperativevoting/shared/api/ApiRoutes$Agendas.class
com/example/cooperativevoting/mobileui/model/MobileScreenModels.class
com/example/cooperativevoting/votingsession/api/VotingSessionApiModels$OpenSessionRequest.class
com/example/cooperativevoting/eligibility/application/VoterEligibilityGateway.class
com/example/cooperativevoting/mobileui/application/PublicUrlBuilder.class
com/example/cooperativevoting/eligibility/application/VoterEligibilityService$1.class
com/example/cooperativevoting/votingsession/api/VotingSessionApiModels.class
