/workspace/src/main/java/com/example/cooperativevoting/CooperativeVotingApplication.java
/workspace/src/main/java/com/example/cooperativevoting/agenda/api/AgendaApiModels.java
/workspace/src/main/java/com/example/cooperativevoting/agenda/api/AgendaController.java
/workspace/src/main/java/com/example/cooperativevoting/agenda/application/AgendaNotFoundException.java
/workspace/src/main/java/com/example/cooperativevoting/agenda/application/AgendaService.java
/workspace/src/main/java/com/example/cooperativevoting/agenda/domain/Agenda.java
/workspace/src/main/java/com/example/cooperativevoting/agenda/infrastructure/AgendaRepository.java
/workspace/src/main/java/com/example/cooperativevoting/eligibility/application/EligibilityResult.java
/workspace/src/main/java/com/example/cooperativevoting/eligibility/application/EligibilityServiceUnavailableException.java
/workspace/src/main/java/com/example/cooperativevoting/eligibility/application/InvalidCpfException.java
/workspace/src/main/java/com/example/cooperativevoting/eligibility/application/VoterEligibilityGateway.java
/workspace/src/main/java/com/example/cooperativevoting/eligibility/application/VoterEligibilityService.java
/workspace/src/main/java/com/example/cooperativevoting/eligibility/application/VoterNotEligibleException.java
/workspace/src/main/java/com/example/cooperativevoting/eligibility/infrastructure/DisabledVoterEligibilityGateway.java
/workspace/src/main/java/com/example/cooperativevoting/eligibility/infrastructure/EligibilityProperties.java
/workspace/src/main/java/com/example/cooperativevoting/eligibility/infrastructure/HttpVoterEligibilityGateway.java
/workspace/src/main/java/com/example/cooperativevoting/mobileui/api/MobileApiModels.java
/workspace/src/main/java/com/example/cooperativevoting/mobileui/api/MobileController.java
/workspace/src/main/java/com/example/cooperativevoting/mobileui/application/MobileScreenService.java
/workspace/src/main/java/com/example/cooperativevoting/mobileui/application/PublicUrlBuilder.java
/workspace/src/main/java/com/example/cooperativevoting/mobileui/model/MobileScreenModels.java
/workspace/src/main/java/com/example/cooperativevoting/shared/api/ApiRoutes.java
/workspace/src/main/java/com/example/cooperativevoting/shared/config/AppProperties.java
/workspace/src/main/java/com/example/cooperativevoting/shared/config/ApplicationConfig.java
/workspace/src/main/java/com/example/cooperativevoting/shared/config/OpenApiConfig.java
/workspace/src/main/java/com/example/cooperativevoting/shared/error/ApiExceptionHandler.java
/workspace/src/main/java/com/example/cooperativevoting/shared/observability/CorrelationIdFilter.java
/workspace/src/main/java/com/example/cooperativevoting/vote/api/ResultController.java
/workspace/src/main/java/com/example/cooperativevoting/vote/api/VoteApiModels.java
/workspace/src/main/java/com/example/cooperativevoting/vote/api/VoteController.java
/workspace/src/main/java/com/example/cooperativevoting/vote/application/DuplicateVoteException.java
/workspace/src/main/java/com/example/cooperativevoting/vote/application/VoteOutcome.java
/workspace/src/main/java/com/example/cooperativevoting/vote/application/VoteService.java
/workspace/src/main/java/com/example/cooperativevoting/vote/application/VotingResult.java
/workspace/src/main/java/com/example/cooperativevoting/vote/domain/Vote.java
/workspace/src/main/java/com/example/cooperativevoting/vote/domain/VoteChoice.java
/workspace/src/main/java/com/example/cooperativevoting/vote/infrastructure/VoteRepository.java
/workspace/src/main/java/com/example/cooperativevoting/votingsession/api/VotingSessionApiModels.java
/workspace/src/main/java/com/example/cooperativevoting/votingsession/api/VotingSessionController.java
/workspace/src/main/java/com/example/cooperativevoting/votingsession/application/SessionAlreadyExistsException.java
/workspace/src/main/java/com/example/cooperativevoting/votingsession/application/SessionNotFoundException.java
/workspace/src/main/java/com/example/cooperativevoting/votingsession/application/SessionNotOpenException.java
/workspace/src/main/java/com/example/cooperativevoting/votingsession/application/VotingSessionService.java
/workspace/src/main/java/com/example/cooperativevoting/votingsession/domain/SessionStatus.java
/workspace/src/main/java/com/example/cooperativevoting/votingsession/domain/VotingSession.java
/workspace/src/main/java/com/example/cooperativevoting/votingsession/infrastructure/VotingSessionRepository.java
